C51 COMPILER V9.52.0.0   EXAMPLE_74HC595                                                   03/04/2015 21:53:29 PAGE 1   


C51 COMPILER V9.52.0.0, COMPILATION OF MODULE EXAMPLE_74HC595
OBJECT MODULE PLACED IN example_74hc595.OBJ
COMPILER INVOKED BY: E:\keil\C51\BIN\C51.EXE example_74hc595.c BROWSE DEBUG OBJECTEXTEND

line level    source

   1          #include<reg52.h> 
   2          #include<intrins.h>
   3          #define uchar unsigned char 
   4          #define uint  unsigned int
   5          #define CONTROL P1
   6          void out();
   7          sbit ru=P0^2;      //595输入锁存，11脚
   8          sbit shuju=P0^3;  //数据输入，14脚
   9          sbit cu=P0^4;     //输出锁存，12脚
  10          sbit OE_595 = P0^0;
  11          
  12          const unsigned char leter[]={0x01,0x02,0x04,0x08,0x10,0x20,0x40,0x80}; //?00000001,00000010,,00000100,0000
             -1000,00010000,00100000,01000000,10000000?????????
  13          
  14          void delayms(int xms){//延时
  15   1              int i, j;
  16   1              for(i = xms; i > 0; i--)
  17   1                      for(j = 110; j > 0; j--);
  18   1      }
  19          
  20          void delayus(int xus){
  21   1              int i, j;
  22   1              for(i = xus; i > 0; i--)
  23   1                      for(j = 11; j > 0; j--);
  24   1      }
  25          void  sdata(uchar b1){   
  26   1              uchar c;
  27   1              for(c=0;c<8;c++)   //8位并行输出，从num中得到输出信息
  28   1              {    
  29   2                      ru = 0;   // 打开输入锁存,这时可以往Q0~Q7填入二进制数控制逻辑电位
  30   2                      shuju=b1&0x80;  //清除数据的低7位，如10010011清除后为1，01001101清除后为0，然后填入Q0~Q7
  31   2                      b1<<=1;         //右移如10010011右移后变为00100110，
  32   2                      ru=1;                           //关闭锁存，锁住一位
  33   2              }
  34   1              out();//输出到数码管
  35   1      }
  36          void out(void) {  
  37   1              cu=0;            //打开输出锁存，取出Q0~Q7电位信息
  38   1              delayus(10); //延时，根据机器的频率决定时间
  39   1              cu=1;           // 关闭输出锁存，锁定Q0~Q7的电位信息，刷新屏幕
  40   1              delayus(10);  
  41   1      } 
  42          void main(){    
  43   1      //      int i;
  44   1              OE_595 = 0;
  45   1              while(1)        {               
  46   2      //              for(i = 0; i < 8; i++){//循环输出leter字节组的8个元素
  47   2      //                      sdata(0xff);
  48   2      //                      CONTROL = (0x01 << i);
  49   2      //                      sdata(leter[i]);
  50   2      //              }---------------------------------------------上面这样用8个数码管会闪烁，是不是频率太慢导致？---------
             ---------------------------------------------------
  51   2                      sdata(0xff);
  52   2                      CONTROL = 0x01;
  53   2                      sdata(leter[1]);
C51 COMPILER V9.52.0.0   EXAMPLE_74HC595                                                   03/04/2015 21:53:29 PAGE 2   

  54   2                      delayms(30);
  55   2                      sdata(0xff);
  56   2                      CONTROL = 0x02;
  57   2                      sdata(leter[2]);
  58   2                      delayms(30);
  59   2              }
  60   1      }


MODULE INFORMATION:   STATIC OVERLAYABLE
   CODE SIZE        =    147    ----
   CONSTANT SIZE    =   ----    ----
   XDATA SIZE       =   ----    ----
   PDATA SIZE       =   ----    ----
   DATA SIZE        =      8    ----
   IDATA SIZE       =   ----    ----
   BIT SIZE         =   ----    ----
END OF MODULE INFORMATION.


C51 COMPILATION COMPLETE.  0 WARNING(S),  0 ERROR(S)
