BL51 BANKED LINKER/LOCATER V6.22                                                        10/17/2015  00:02:39  PAGE 1


BL51 BANKED LINKER/LOCATER V6.22, INVOKED BY:
E:\KEIL\C51\BIN\BL51.EXE moto_test.obj TO moto_test RAMSIZE (256)


MEMORY MODEL: SMALL


INPUT MODULES INCLUDED:
  moto_test.obj (MOTO_TEST)
  E:\KEIL\C51\LIB\C51S.LIB (?C_STARTUP)


LINK MAP OF MODULE:  moto_test (MOTO_TEST)


            TYPE    BASE      LENGTH    RELOCATION   SEGMENT NAME
            -----------------------------------------------------

            * * * * * * *   D A T A   M E M O R Y   * * * * * * *
            REG     0000H     0008H     ABSOLUTE     "REG BANK 0"
            IDATA   0008H     0001H     UNIT         ?STACK

            * * * * * * *   C O D E   M E M O R Y   * * * * * * *
            CODE    0000H     0003H     ABSOLUTE     
            CODE    0003H     001EH     UNIT         ?PR?_DELAYMS?MOTO_TEST
            CODE    0021H     0018H     UNIT         ?PR?MAIN?MOTO_TEST
            CODE    0039H     000CH     UNIT         ?C_C51STARTUP



OVERLAY MAP OF MODULE:   moto_test (MOTO_TEST)


SEGMENT
  +--> CALLED SEGMENT
---------------------
?C_C51STARTUP
  +--> ?PR?MAIN?MOTO_TEST

?PR?MAIN?MOTO_TEST
  +--> ?PR?_DELAYMS?MOTO_TEST



SYMBOL TABLE OF MODULE:  moto_test (MOTO_TEST)

  VALUE           TYPE          NAME
  ----------------------------------

  -------         MODULE        MOTO_TEST
  C:0000H         SYMBOL        _ICE_DUMMY_
  D:00A0H         PUBLIC        P2
  C:0021H         PUBLIC        main
  B:00A0H.1       PUBLIC        moto_1
  B:00A0H.0       PUBLIC        moto1
  C:0003H         PUBLIC        _delayms
  -------         PROC          MAIN
  C:0021H         LINE#         8
BL51 BANKED LINKER/LOCATER V6.22                                                      10/17/2015  00:02:39  PAGE 2


  C:0021H         LINE#         9
  C:0023H         LINE#         10
  C:0025H         LINE#         11
  C:0025H         LINE#         12
  C:0027H         LINE#         13
  C:002EH         LINE#         14
  C:0030H         LINE#         15
  C:0037H         LINE#         16
  -------         ENDPROC       MAIN
  -------         PROC          _DELAYMS
  D:0006H         SYMBOL        x
  -------         DO            
  D:0006H         SYMBOL        i
  D:0004H         SYMBOL        j
  -------         ENDDO         
  C:0003H         LINE#         19
  C:0003H         LINE#         21
  C:000CH         LINE#         22
  C:0020H         LINE#         23
  -------         ENDPROC       _DELAYMS
  -------         ENDMOD        MOTO_TEST

Program Size: data=9.0 xdata=0 code=69
LINK/LOCATE RUN COMPLETE.  0 WARNING(S),  0 ERROR(S)
