BL51 BANKED LINKER/LOCATER V6.22                                                        08/12/2015  21:03:33  PAGE 1


BL51 BANKED LINKER/LOCATER V6.22, INVOKED BY:
E:\KEIL\C51\BIN\BL51.EXE test1.obj TO test1


MEMORY MODEL: SMALL


INPUT MODULES INCLUDED:
  test1.obj (TEST1)
  E:\KEIL\C51\LIB\C51S.LIB (?C_STARTUP)


LINK MAP OF MODULE:  test1 (TEST1)


            TYPE    BASE      LENGTH    RELOCATION   SEGMENT NAME
            -----------------------------------------------------

            * * * * * * *   D A T A   M E M O R Y   * * * * * * *
            REG     0000H     0008H     ABSOLUTE     "REG BANK 0"
            IDATA   0008H     0001H     UNIT         ?STACK

            * * * * * * *   C O D E   M E M O R Y   * * * * * * *
            CODE    0000H     0003H     ABSOLUTE     
            CODE    0003H     001EH     UNIT         ?PR?MAIN?TEST1
            CODE    0021H     000EH     UNIT         ?PR?_DELAYMS?TEST1
            CODE    002FH     000CH     UNIT         ?C_C51STARTUP



OVERLAY MAP OF MODULE:   test1 (TEST1)


SEGMENT
  +--> CALLED SEGMENT
---------------------
?C_C51STARTUP
  +--> ?PR?MAIN?TEST1

?PR?MAIN?TEST1
  +--> ?PR?_DELAYMS?TEST1



SYMBOL TABLE OF MODULE:  test1 (TEST1)

  VALUE           TYPE          NAME
  ----------------------------------

  -------         MODULE        TEST1
  C:0000H         SYMBOL        _ICE_DUMMY_
  D:0090H         PUBLIC        P1
  C:0003H         PUBLIC        main
  B:0090H.2       PUBLIC        respond1
  B:0090H.3       PUBLIC        respond2
  B:0090H.0       PUBLIC        senser1
  B:0090H.1       PUBLIC        senser2
  B:0090H.4       PUBLIC        moto1
BL51 BANKED LINKER/LOCATER V6.22                                                      08/12/2015  21:03:33  PAGE 2


  C:0021H         PUBLIC        _delayms
  B:0090H.5       PUBLIC        moto2
  -------         PROC          MAIN
  C:0003H         LINE#         12
  C:0003H         LINE#         13
  C:0005H         LINE#         14
  C:0007H         LINE#         15
  C:0009H         LINE#         16
  C:000BH         LINE#         17
  C:000BH         LINE#         29
  C:000DH         LINE#         31
  C:0014H         LINE#         32
  C:0016H         LINE#         33
  C:0018H         LINE#         34
  C:001FH         LINE#         35
  -------         ENDPROC       MAIN
  -------         PROC          _DELAYMS
  D:0006H         SYMBOL        xms
  -------         DO            
  D:0007H         SYMBOL        i
  D:0006H         SYMBOL        j
  -------         ENDDO         
  C:0021H         LINE#         38
  C:0021H         LINE#         40
  C:0027H         LINE#         41
  C:002EH         LINE#         42
  -------         ENDPROC       _DELAYMS
  -------         ENDMOD        TEST1

Program Size: data=9.0 xdata=0 code=59
LINK/LOCATE RUN COMPLETE.  0 WARNING(S),  0 ERROR(S)
